Internal Server Error: /add-vehicle/
Internal Server Error: /add-vehicle/
Internal Server Error: /add-vehicle/
Bad Request: /add-vehicle/
Internal Server Error: /add-vehicle/
Internal Server Error: /add-vehicle/
Bad Request: /add-vehicle/
Internal Server Error: /add-vehicle/
Internal Server Error: /add-vehicle/
Bad Request: /add-vehicle/
Bad Request: /add-vehicle/
Bad Request: /add-vehicle/
Bad Request: /add-vehicle/
Bad Request: /add-vehicle/
Bad Request: /add-vehicle/
Not Found: /accounts/login/
Bad Request: /add-vehicle/
Unauthorized: /add-vehicle/
Unauthorized: /add-vehicle/
Internal Server Error: /admin/api/vehicle/
Traceback (most recent call last):
  File "C:\Users\maher\miniconda3\envs\webdev_env\lib\site-packages\django\db\utils.py", line 98, in inner
    return func(*args, **kwargs)
sqlite3.IntegrityError: FOREIGN KEY constraint failed

The above exception was the direct cause of the following exception:

Traceback (most recent call last):
  File "C:\Users\maher\miniconda3\envs\webdev_env\lib\site-packages\django\core\handlers\exception.py", line 55, in inner
    response = get_response(request)
  File "C:\Users\maher\miniconda3\envs\webdev_env\lib\site-packages\django\core\handlers\base.py", line 197, in _get_response
    response = wrapped_callback(request, *callback_args, **callback_kwargs)
  File "C:\Users\maher\miniconda3\envs\webdev_env\lib\site-packages\django\contrib\admin\options.py", line 688, in wrapper
    return self.admin_site.admin_view(view)(*args, **kwargs)
  File "C:\Users\maher\miniconda3\envs\webdev_env\lib\site-packages\django\utils\decorators.py", line 134, in _wrapper_view
    response = view_func(request, *args, **kwargs)
  File "C:\Users\maher\miniconda3\envs\webdev_env\lib\site-packages\django\views\decorators\cache.py", line 62, in _wrapper_view_func
    response = view_func(request, *args, **kwargs)
  File "C:\Users\maher\miniconda3\envs\webdev_env\lib\site-packages\django\contrib\admin\sites.py", line 242, in inner
    return view(request, *args, **kwargs)
  File "C:\Users\maher\miniconda3\envs\webdev_env\lib\site-packages\django\utils\decorators.py", line 46, in _wrapper
    return bound_method(*args, **kwargs)
  File "C:\Users\maher\miniconda3\envs\webdev_env\lib\site-packages\django\utils\decorators.py", line 134, in _wrapper_view
    response = view_func(request, *args, **kwargs)
  File "C:\Users\maher\miniconda3\envs\webdev_env\lib\site-packages\django\contrib\admin\options.py", line 1983, in changelist_view
    response = self.response_action(
  File "C:\Users\maher\miniconda3\envs\webdev_env\lib\site-packages\django\contrib\admin\options.py", line 1593, in response_action
    response = func(self, request, queryset)
  File "C:\Users\maher\miniconda3\envs\webdev_env\lib\site-packages\django\contrib\admin\actions.py", line 50, in delete_selected
    modeladmin.log_deletion(request, obj, obj_display)
  File "C:\Users\maher\miniconda3\envs\webdev_env\lib\site-packages\django\contrib\admin\options.py", line 957, in log_deletion
    return LogEntry.objects.log_action(
  File "C:\Users\maher\miniconda3\envs\webdev_env\lib\site-packages\django\contrib\admin\models.py", line 38, in log_action
    return self.model.objects.create(
  File "C:\Users\maher\miniconda3\envs\webdev_env\lib\site-packages\django\db\models\manager.py", line 87, in manager_method
    return getattr(self.get_queryset(), name)(*args, **kwargs)
  File "C:\Users\maher\miniconda3\envs\webdev_env\lib\site-packages\django\db\models\query.py", line 658, in create
    obj.save(force_insert=True, using=self.db)
  File "C:\Users\maher\miniconda3\envs\webdev_env\lib\site-packages\django\db\models\base.py", line 814, in save
    self.save_base(
  File "C:\Users\maher\miniconda3\envs\webdev_env\lib\site-packages\django\db\models\base.py", line 877, in save_base
    updated = self._save_table(
  File "C:\Users\maher\miniconda3\envs\webdev_env\lib\site-packages\django\db\models\base.py", line 1020, in _save_table
    results = self._do_insert(
  File "C:\Users\maher\miniconda3\envs\webdev_env\lib\site-packages\django\db\models\base.py", line 1061, in _do_insert
    return manager._insert(
  File "C:\Users\maher\miniconda3\envs\webdev_env\lib\site-packages\django\db\models\manager.py", line 87, in manager_method
    return getattr(self.get_queryset(), name)(*args, **kwargs)
  File "C:\Users\maher\miniconda3\envs\webdev_env\lib\site-packages\django\db\models\query.py", line 1805, in _insert
    return query.get_compiler(using=using).execute_sql(returning_fields)
  File "C:\Users\maher\miniconda3\envs\webdev_env\lib\site-packages\django\db\models\sql\compiler.py", line 1833, in execute_sql
    self.connection.ops.fetch_returned_insert_columns(
  File "C:\Users\maher\miniconda3\envs\webdev_env\lib\site-packages\django\db\backends\base\operations.py", line 213, in fetch_returned_insert_columns
    return cursor.fetchone()
  File "C:\Users\maher\miniconda3\envs\webdev_env\lib\site-packages\django\db\utils.py", line 98, in inner
    return func(*args, **kwargs)
  File "C:\Users\maher\miniconda3\envs\webdev_env\lib\site-packages\django\db\utils.py", line 91, in __exit__
    raise dj_exc_value.with_traceback(traceback) from exc_value
  File "C:\Users\maher\miniconda3\envs\webdev_env\lib\site-packages\django\db\utils.py", line 98, in inner
    return func(*args, **kwargs)
django.db.utils.IntegrityError: FOREIGN KEY constraint failed
Internal Server Error: /admin/api/vehicle/
Traceback (most recent call last):
  File "C:\Users\maher\miniconda3\envs\webdev_env\lib\site-packages\django\db\utils.py", line 98, in inner
    return func(*args, **kwargs)
sqlite3.IntegrityError: FOREIGN KEY constraint failed

The above exception was the direct cause of the following exception:

Traceback (most recent call last):
  File "C:\Users\maher\miniconda3\envs\webdev_env\lib\site-packages\django\core\handlers\exception.py", line 55, in inner
    response = get_response(request)
  File "C:\Users\maher\miniconda3\envs\webdev_env\lib\site-packages\django\core\handlers\base.py", line 197, in _get_response
    response = wrapped_callback(request, *callback_args, **callback_kwargs)
  File "C:\Users\maher\miniconda3\envs\webdev_env\lib\site-packages\django\contrib\admin\options.py", line 688, in wrapper
    return self.admin_site.admin_view(view)(*args, **kwargs)
  File "C:\Users\maher\miniconda3\envs\webdev_env\lib\site-packages\django\utils\decorators.py", line 134, in _wrapper_view
    response = view_func(request, *args, **kwargs)
  File "C:\Users\maher\miniconda3\envs\webdev_env\lib\site-packages\django\views\decorators\cache.py", line 62, in _wrapper_view_func
    response = view_func(request, *args, **kwargs)
  File "C:\Users\maher\miniconda3\envs\webdev_env\lib\site-packages\django\contrib\admin\sites.py", line 242, in inner
    return view(request, *args, **kwargs)
  File "C:\Users\maher\miniconda3\envs\webdev_env\lib\site-packages\django\utils\decorators.py", line 46, in _wrapper
    return bound_method(*args, **kwargs)
  File "C:\Users\maher\miniconda3\envs\webdev_env\lib\site-packages\django\utils\decorators.py", line 134, in _wrapper_view
    response = view_func(request, *args, **kwargs)
  File "C:\Users\maher\miniconda3\envs\webdev_env\lib\site-packages\django\contrib\admin\options.py", line 1983, in changelist_view
    response = self.response_action(
  File "C:\Users\maher\miniconda3\envs\webdev_env\lib\site-packages\django\contrib\admin\options.py", line 1593, in response_action
    response = func(self, request, queryset)
  File "C:\Users\maher\miniconda3\envs\webdev_env\lib\site-packages\django\contrib\admin\actions.py", line 50, in delete_selected
    modeladmin.log_deletion(request, obj, obj_display)
  File "C:\Users\maher\miniconda3\envs\webdev_env\lib\site-packages\django\contrib\admin\options.py", line 957, in log_deletion
    return LogEntry.objects.log_action(
  File "C:\Users\maher\miniconda3\envs\webdev_env\lib\site-packages\django\contrib\admin\models.py", line 38, in log_action
    return self.model.objects.create(
  File "C:\Users\maher\miniconda3\envs\webdev_env\lib\site-packages\django\db\models\manager.py", line 87, in manager_method
    return getattr(self.get_queryset(), name)(*args, **kwargs)
  File "C:\Users\maher\miniconda3\envs\webdev_env\lib\site-packages\django\db\models\query.py", line 658, in create
    obj.save(force_insert=True, using=self.db)
  File "C:\Users\maher\miniconda3\envs\webdev_env\lib\site-packages\django\db\models\base.py", line 814, in save
    self.save_base(
  File "C:\Users\maher\miniconda3\envs\webdev_env\lib\site-packages\django\db\models\base.py", line 877, in save_base
    updated = self._save_table(
  File "C:\Users\maher\miniconda3\envs\webdev_env\lib\site-packages\django\db\models\base.py", line 1020, in _save_table
    results = self._do_insert(
  File "C:\Users\maher\miniconda3\envs\webdev_env\lib\site-packages\django\db\models\base.py", line 1061, in _do_insert
    return manager._insert(
  File "C:\Users\maher\miniconda3\envs\webdev_env\lib\site-packages\django\db\models\manager.py", line 87, in manager_method
    return getattr(self.get_queryset(), name)(*args, **kwargs)
  File "C:\Users\maher\miniconda3\envs\webdev_env\lib\site-packages\django\db\models\query.py", line 1805, in _insert
    return query.get_compiler(using=using).execute_sql(returning_fields)
  File "C:\Users\maher\miniconda3\envs\webdev_env\lib\site-packages\django\db\models\sql\compiler.py", line 1833, in execute_sql
    self.connection.ops.fetch_returned_insert_columns(
  File "C:\Users\maher\miniconda3\envs\webdev_env\lib\site-packages\django\db\backends\base\operations.py", line 213, in fetch_returned_insert_columns
    return cursor.fetchone()
  File "C:\Users\maher\miniconda3\envs\webdev_env\lib\site-packages\django\db\utils.py", line 98, in inner
    return func(*args, **kwargs)
  File "C:\Users\maher\miniconda3\envs\webdev_env\lib\site-packages\django\db\utils.py", line 91, in __exit__
    raise dj_exc_value.with_traceback(traceback) from exc_value
  File "C:\Users\maher\miniconda3\envs\webdev_env\lib\site-packages\django\db\utils.py", line 98, in inner
    return func(*args, **kwargs)
django.db.utils.IntegrityError: FOREIGN KEY constraint failed
Internal Server Error: /admin/api/vehicle/
Traceback (most recent call last):
  File "C:\Users\maher\miniconda3\envs\webdev_env\lib\site-packages\django\db\utils.py", line 98, in inner
    return func(*args, **kwargs)
sqlite3.IntegrityError: FOREIGN KEY constraint failed

The above exception was the direct cause of the following exception:

Traceback (most recent call last):
  File "C:\Users\maher\miniconda3\envs\webdev_env\lib\site-packages\django\core\handlers\exception.py", line 55, in inner
    response = get_response(request)
  File "C:\Users\maher\miniconda3\envs\webdev_env\lib\site-packages\django\core\handlers\base.py", line 197, in _get_response
    response = wrapped_callback(request, *callback_args, **callback_kwargs)
  File "C:\Users\maher\miniconda3\envs\webdev_env\lib\site-packages\django\contrib\admin\options.py", line 688, in wrapper
    return self.admin_site.admin_view(view)(*args, **kwargs)
  File "C:\Users\maher\miniconda3\envs\webdev_env\lib\site-packages\django\utils\decorators.py", line 134, in _wrapper_view
    response = view_func(request, *args, **kwargs)
  File "C:\Users\maher\miniconda3\envs\webdev_env\lib\site-packages\django\views\decorators\cache.py", line 62, in _wrapper_view_func
    response = view_func(request, *args, **kwargs)
  File "C:\Users\maher\miniconda3\envs\webdev_env\lib\site-packages\django\contrib\admin\sites.py", line 242, in inner
    return view(request, *args, **kwargs)
  File "C:\Users\maher\miniconda3\envs\webdev_env\lib\site-packages\django\utils\decorators.py", line 46, in _wrapper
    return bound_method(*args, **kwargs)
  File "C:\Users\maher\miniconda3\envs\webdev_env\lib\site-packages\django\utils\decorators.py", line 134, in _wrapper_view
    response = view_func(request, *args, **kwargs)
  File "C:\Users\maher\miniconda3\envs\webdev_env\lib\site-packages\django\contrib\admin\options.py", line 1983, in changelist_view
    response = self.response_action(
  File "C:\Users\maher\miniconda3\envs\webdev_env\lib\site-packages\django\contrib\admin\options.py", line 1593, in response_action
    response = func(self, request, queryset)
  File "C:\Users\maher\miniconda3\envs\webdev_env\lib\site-packages\django\contrib\admin\actions.py", line 50, in delete_selected
    modeladmin.log_deletion(request, obj, obj_display)
  File "C:\Users\maher\miniconda3\envs\webdev_env\lib\site-packages\django\contrib\admin\options.py", line 957, in log_deletion
    return LogEntry.objects.log_action(
  File "C:\Users\maher\miniconda3\envs\webdev_env\lib\site-packages\django\contrib\admin\models.py", line 38, in log_action
    return self.model.objects.create(
  File "C:\Users\maher\miniconda3\envs\webdev_env\lib\site-packages\django\db\models\manager.py", line 87, in manager_method
    return getattr(self.get_queryset(), name)(*args, **kwargs)
  File "C:\Users\maher\miniconda3\envs\webdev_env\lib\site-packages\django\db\models\query.py", line 658, in create
    obj.save(force_insert=True, using=self.db)
  File "C:\Users\maher\miniconda3\envs\webdev_env\lib\site-packages\django\db\models\base.py", line 814, in save
    self.save_base(
  File "C:\Users\maher\miniconda3\envs\webdev_env\lib\site-packages\django\db\models\base.py", line 877, in save_base
    updated = self._save_table(
  File "C:\Users\maher\miniconda3\envs\webdev_env\lib\site-packages\django\db\models\base.py", line 1020, in _save_table
    results = self._do_insert(
  File "C:\Users\maher\miniconda3\envs\webdev_env\lib\site-packages\django\db\models\base.py", line 1061, in _do_insert
    return manager._insert(
  File "C:\Users\maher\miniconda3\envs\webdev_env\lib\site-packages\django\db\models\manager.py", line 87, in manager_method
    return getattr(self.get_queryset(), name)(*args, **kwargs)
  File "C:\Users\maher\miniconda3\envs\webdev_env\lib\site-packages\django\db\models\query.py", line 1805, in _insert
    return query.get_compiler(using=using).execute_sql(returning_fields)
  File "C:\Users\maher\miniconda3\envs\webdev_env\lib\site-packages\django\db\models\sql\compiler.py", line 1833, in execute_sql
    self.connection.ops.fetch_returned_insert_columns(
  File "C:\Users\maher\miniconda3\envs\webdev_env\lib\site-packages\django\db\backends\base\operations.py", line 213, in fetch_returned_insert_columns
    return cursor.fetchone()
  File "C:\Users\maher\miniconda3\envs\webdev_env\lib\site-packages\django\db\utils.py", line 98, in inner
    return func(*args, **kwargs)
  File "C:\Users\maher\miniconda3\envs\webdev_env\lib\site-packages\django\db\utils.py", line 91, in __exit__
    raise dj_exc_value.with_traceback(traceback) from exc_value
  File "C:\Users\maher\miniconda3\envs\webdev_env\lib\site-packages\django\db\utils.py", line 98, in inner
    return func(*args, **kwargs)
django.db.utils.IntegrityError: FOREIGN KEY constraint failed
Internal Server Error: /admin/api/vehicle/3/change/
Traceback (most recent call last):
  File "C:\Users\maher\miniconda3\envs\webdev_env\lib\site-packages\django\db\backends\base\base.py", line 313, in _commit
    return self.connection.commit()
sqlite3.IntegrityError: FOREIGN KEY constraint failed

The above exception was the direct cause of the following exception:

Traceback (most recent call last):
  File "C:\Users\maher\miniconda3\envs\webdev_env\lib\site-packages\django\core\handlers\exception.py", line 55, in inner
    response = get_response(request)
  File "C:\Users\maher\miniconda3\envs\webdev_env\lib\site-packages\django\core\handlers\base.py", line 197, in _get_response
    response = wrapped_callback(request, *callback_args, **callback_kwargs)
  File "C:\Users\maher\miniconda3\envs\webdev_env\lib\site-packages\django\contrib\admin\options.py", line 688, in wrapper
    return self.admin_site.admin_view(view)(*args, **kwargs)
  File "C:\Users\maher\miniconda3\envs\webdev_env\lib\site-packages\django\utils\decorators.py", line 134, in _wrapper_view
    response = view_func(request, *args, **kwargs)
  File "C:\Users\maher\miniconda3\envs\webdev_env\lib\site-packages\django\views\decorators\cache.py", line 62, in _wrapper_view_func
    response = view_func(request, *args, **kwargs)
  File "C:\Users\maher\miniconda3\envs\webdev_env\lib\site-packages\django\contrib\admin\sites.py", line 242, in inner
    return view(request, *args, **kwargs)
  File "C:\Users\maher\miniconda3\envs\webdev_env\lib\site-packages\django\contrib\admin\options.py", line 1889, in change_view
    return self.changeform_view(request, object_id, form_url, extra_context)
  File "C:\Users\maher\miniconda3\envs\webdev_env\lib\site-packages\django\utils\decorators.py", line 46, in _wrapper
    return bound_method(*args, **kwargs)
  File "C:\Users\maher\miniconda3\envs\webdev_env\lib\site-packages\django\utils\decorators.py", line 134, in _wrapper_view
    response = view_func(request, *args, **kwargs)
  File "C:\Users\maher\miniconda3\envs\webdev_env\lib\site-packages\django\contrib\admin\options.py", line 1747, in changeform_view
    return self._changeform_view(request, object_id, form_url, extra_context)
  File "C:\Users\maher\miniconda3\envs\webdev_env\lib\site-packages\django\db\transaction.py", line 263, in __exit__
    connection.commit()
  File "C:\Users\maher\miniconda3\envs\webdev_env\lib\site-packages\django\utils\asyncio.py", line 26, in inner
    return func(*args, **kwargs)
  File "C:\Users\maher\miniconda3\envs\webdev_env\lib\site-packages\django\db\backends\base\base.py", line 337, in commit
    self._commit()
  File "C:\Users\maher\miniconda3\envs\webdev_env\lib\site-packages\django\db\backends\base\base.py", line 313, in _commit
    return self.connection.commit()
  File "C:\Users\maher\miniconda3\envs\webdev_env\lib\site-packages\django\db\utils.py", line 91, in __exit__
    raise dj_exc_value.with_traceback(traceback) from exc_value
  File "C:\Users\maher\miniconda3\envs\webdev_env\lib\site-packages\django\db\backends\base\base.py", line 313, in _commit
    return self.connection.commit()
django.db.utils.IntegrityError: FOREIGN KEY constraint failed
Internal Server Error: /admin/api/vehicle/4/delete/
Traceback (most recent call last):
  File "C:\Users\maher\miniconda3\envs\webdev_env\lib\site-packages\django\db\backends\base\base.py", line 313, in _commit
    return self.connection.commit()
sqlite3.IntegrityError: FOREIGN KEY constraint failed

The above exception was the direct cause of the following exception:

Traceback (most recent call last):
  File "C:\Users\maher\miniconda3\envs\webdev_env\lib\site-packages\django\core\handlers\exception.py", line 55, in inner
    response = get_response(request)
  File "C:\Users\maher\miniconda3\envs\webdev_env\lib\site-packages\django\core\handlers\base.py", line 197, in _get_response
    response = wrapped_callback(request, *callback_args, **callback_kwargs)
  File "C:\Users\maher\miniconda3\envs\webdev_env\lib\site-packages\django\contrib\admin\options.py", line 688, in wrapper
    return self.admin_site.admin_view(view)(*args, **kwargs)
  File "C:\Users\maher\miniconda3\envs\webdev_env\lib\site-packages\django\utils\decorators.py", line 134, in _wrapper_view
    response = view_func(request, *args, **kwargs)
  File "C:\Users\maher\miniconda3\envs\webdev_env\lib\site-packages\django\views\decorators\cache.py", line 62, in _wrapper_view_func
    response = view_func(request, *args, **kwargs)
  File "C:\Users\maher\miniconda3\envs\webdev_env\lib\site-packages\django\contrib\admin\sites.py", line 242, in inner
    return view(request, *args, **kwargs)
  File "C:\Users\maher\miniconda3\envs\webdev_env\lib\site-packages\django\utils\decorators.py", line 46, in _wrapper
    return bound_method(*args, **kwargs)
  File "C:\Users\maher\miniconda3\envs\webdev_env\lib\site-packages\django\utils\decorators.py", line 134, in _wrapper_view
    response = view_func(request, *args, **kwargs)
  File "C:\Users\maher\miniconda3\envs\webdev_env\lib\site-packages\django\contrib\admin\options.py", line 2106, in delete_view
    return self._delete_view(request, object_id, extra_context)
  File "C:\Users\maher\miniconda3\envs\webdev_env\lib\site-packages\django\db\transaction.py", line 263, in __exit__
    connection.commit()
  File "C:\Users\maher\miniconda3\envs\webdev_env\lib\site-packages\django\utils\asyncio.py", line 26, in inner
    return func(*args, **kwargs)
  File "C:\Users\maher\miniconda3\envs\webdev_env\lib\site-packages\django\db\backends\base\base.py", line 337, in commit
    self._commit()
  File "C:\Users\maher\miniconda3\envs\webdev_env\lib\site-packages\django\db\backends\base\base.py", line 313, in _commit
    return self.connection.commit()
  File "C:\Users\maher\miniconda3\envs\webdev_env\lib\site-packages\django\db\utils.py", line 91, in __exit__
    raise dj_exc_value.with_traceback(traceback) from exc_value
  File "C:\Users\maher\miniconda3\envs\webdev_env\lib\site-packages\django\db\backends\base\base.py", line 313, in _commit
    return self.connection.commit()
django.db.utils.IntegrityError: FOREIGN KEY constraint failed
Internal Server Error: /admin/api/vehicle/
Traceback (most recent call last):
  File "C:\Users\maher\miniconda3\envs\webdev_env\lib\site-packages\django\db\utils.py", line 98, in inner
    return func(*args, **kwargs)
sqlite3.IntegrityError: FOREIGN KEY constraint failed

The above exception was the direct cause of the following exception:

Traceback (most recent call last):
  File "C:\Users\maher\miniconda3\envs\webdev_env\lib\site-packages\django\core\handlers\exception.py", line 55, in inner
    response = get_response(request)
  File "C:\Users\maher\miniconda3\envs\webdev_env\lib\site-packages\django\core\handlers\base.py", line 197, in _get_response
    response = wrapped_callback(request, *callback_args, **callback_kwargs)
  File "C:\Users\maher\miniconda3\envs\webdev_env\lib\site-packages\django\contrib\admin\options.py", line 688, in wrapper
    return self.admin_site.admin_view(view)(*args, **kwargs)
  File "C:\Users\maher\miniconda3\envs\webdev_env\lib\site-packages\django\utils\decorators.py", line 134, in _wrapper_view
    response = view_func(request, *args, **kwargs)
  File "C:\Users\maher\miniconda3\envs\webdev_env\lib\site-packages\django\views\decorators\cache.py", line 62, in _wrapper_view_func
    response = view_func(request, *args, **kwargs)
  File "C:\Users\maher\miniconda3\envs\webdev_env\lib\site-packages\django\contrib\admin\sites.py", line 242, in inner
    return view(request, *args, **kwargs)
  File "C:\Users\maher\miniconda3\envs\webdev_env\lib\site-packages\django\utils\decorators.py", line 46, in _wrapper
    return bound_method(*args, **kwargs)
  File "C:\Users\maher\miniconda3\envs\webdev_env\lib\site-packages\django\utils\decorators.py", line 134, in _wrapper_view
    response = view_func(request, *args, **kwargs)
  File "C:\Users\maher\miniconda3\envs\webdev_env\lib\site-packages\django\contrib\admin\options.py", line 1983, in changelist_view
    response = self.response_action(
  File "C:\Users\maher\miniconda3\envs\webdev_env\lib\site-packages\django\contrib\admin\options.py", line 1593, in response_action
    response = func(self, request, queryset)
  File "C:\Users\maher\miniconda3\envs\webdev_env\lib\site-packages\django\contrib\admin\actions.py", line 50, in delete_selected
    modeladmin.log_deletion(request, obj, obj_display)
  File "C:\Users\maher\miniconda3\envs\webdev_env\lib\site-packages\django\contrib\admin\options.py", line 957, in log_deletion
    return LogEntry.objects.log_action(
  File "C:\Users\maher\miniconda3\envs\webdev_env\lib\site-packages\django\contrib\admin\models.py", line 38, in log_action
    return self.model.objects.create(
  File "C:\Users\maher\miniconda3\envs\webdev_env\lib\site-packages\django\db\models\manager.py", line 87, in manager_method
    return getattr(self.get_queryset(), name)(*args, **kwargs)
  File "C:\Users\maher\miniconda3\envs\webdev_env\lib\site-packages\django\db\models\query.py", line 658, in create
    obj.save(force_insert=True, using=self.db)
  File "C:\Users\maher\miniconda3\envs\webdev_env\lib\site-packages\django\db\models\base.py", line 814, in save
    self.save_base(
  File "C:\Users\maher\miniconda3\envs\webdev_env\lib\site-packages\django\db\models\base.py", line 877, in save_base
    updated = self._save_table(
  File "C:\Users\maher\miniconda3\envs\webdev_env\lib\site-packages\django\db\models\base.py", line 1020, in _save_table
    results = self._do_insert(
  File "C:\Users\maher\miniconda3\envs\webdev_env\lib\site-packages\django\db\models\base.py", line 1061, in _do_insert
    return manager._insert(
  File "C:\Users\maher\miniconda3\envs\webdev_env\lib\site-packages\django\db\models\manager.py", line 87, in manager_method
    return getattr(self.get_queryset(), name)(*args, **kwargs)
  File "C:\Users\maher\miniconda3\envs\webdev_env\lib\site-packages\django\db\models\query.py", line 1805, in _insert
    return query.get_compiler(using=using).execute_sql(returning_fields)
  File "C:\Users\maher\miniconda3\envs\webdev_env\lib\site-packages\django\db\models\sql\compiler.py", line 1833, in execute_sql
    self.connection.ops.fetch_returned_insert_columns(
  File "C:\Users\maher\miniconda3\envs\webdev_env\lib\site-packages\django\db\backends\base\operations.py", line 213, in fetch_returned_insert_columns
    return cursor.fetchone()
  File "C:\Users\maher\miniconda3\envs\webdev_env\lib\site-packages\django\db\utils.py", line 98, in inner
    return func(*args, **kwargs)
  File "C:\Users\maher\miniconda3\envs\webdev_env\lib\site-packages\django\db\utils.py", line 91, in __exit__
    raise dj_exc_value.with_traceback(traceback) from exc_value
  File "C:\Users\maher\miniconda3\envs\webdev_env\lib\site-packages\django\db\utils.py", line 98, in inner
    return func(*args, **kwargs)
django.db.utils.IntegrityError: FOREIGN KEY constraint failed
Internal Server Error: /admin/api/vehicle/5/delete/
Traceback (most recent call last):
  File "C:\Users\maher\miniconda3\envs\webdev_env\lib\site-packages\django\db\backends\base\base.py", line 313, in _commit
    return self.connection.commit()
sqlite3.IntegrityError: FOREIGN KEY constraint failed

The above exception was the direct cause of the following exception:

Traceback (most recent call last):
  File "C:\Users\maher\miniconda3\envs\webdev_env\lib\site-packages\django\core\handlers\exception.py", line 55, in inner
    response = get_response(request)
  File "C:\Users\maher\miniconda3\envs\webdev_env\lib\site-packages\django\core\handlers\base.py", line 197, in _get_response
    response = wrapped_callback(request, *callback_args, **callback_kwargs)
  File "C:\Users\maher\miniconda3\envs\webdev_env\lib\site-packages\django\contrib\admin\options.py", line 688, in wrapper
    return self.admin_site.admin_view(view)(*args, **kwargs)
  File "C:\Users\maher\miniconda3\envs\webdev_env\lib\site-packages\django\utils\decorators.py", line 134, in _wrapper_view
    response = view_func(request, *args, **kwargs)
  File "C:\Users\maher\miniconda3\envs\webdev_env\lib\site-packages\django\views\decorators\cache.py", line 62, in _wrapper_view_func
    response = view_func(request, *args, **kwargs)
  File "C:\Users\maher\miniconda3\envs\webdev_env\lib\site-packages\django\contrib\admin\sites.py", line 242, in inner
    return view(request, *args, **kwargs)
  File "C:\Users\maher\miniconda3\envs\webdev_env\lib\site-packages\django\utils\decorators.py", line 46, in _wrapper
    return bound_method(*args, **kwargs)
  File "C:\Users\maher\miniconda3\envs\webdev_env\lib\site-packages\django\utils\decorators.py", line 134, in _wrapper_view
    response = view_func(request, *args, **kwargs)
  File "C:\Users\maher\miniconda3\envs\webdev_env\lib\site-packages\django\contrib\admin\options.py", line 2106, in delete_view
    return self._delete_view(request, object_id, extra_context)
  File "C:\Users\maher\miniconda3\envs\webdev_env\lib\site-packages\django\db\transaction.py", line 263, in __exit__
    connection.commit()
  File "C:\Users\maher\miniconda3\envs\webdev_env\lib\site-packages\django\utils\asyncio.py", line 26, in inner
    return func(*args, **kwargs)
  File "C:\Users\maher\miniconda3\envs\webdev_env\lib\site-packages\django\db\backends\base\base.py", line 337, in commit
    self._commit()
  File "C:\Users\maher\miniconda3\envs\webdev_env\lib\site-packages\django\db\backends\base\base.py", line 313, in _commit
    return self.connection.commit()
  File "C:\Users\maher\miniconda3\envs\webdev_env\lib\site-packages\django\db\utils.py", line 91, in __exit__
    raise dj_exc_value.with_traceback(traceback) from exc_value
  File "C:\Users\maher\miniconda3\envs\webdev_env\lib\site-packages\django\db\backends\base\base.py", line 313, in _commit
    return self.connection.commit()
django.db.utils.IntegrityError: FOREIGN KEY constraint failed
Internal Server Error: /admin/api/vehicle/
Traceback (most recent call last):
  File "C:\Users\maher\miniconda3\envs\webdev_env\lib\site-packages\django\db\utils.py", line 98, in inner
    return func(*args, **kwargs)
sqlite3.IntegrityError: FOREIGN KEY constraint failed

The above exception was the direct cause of the following exception:

Traceback (most recent call last):
  File "C:\Users\maher\miniconda3\envs\webdev_env\lib\site-packages\django\core\handlers\exception.py", line 55, in inner
    response = get_response(request)
  File "C:\Users\maher\miniconda3\envs\webdev_env\lib\site-packages\django\core\handlers\base.py", line 197, in _get_response
    response = wrapped_callback(request, *callback_args, **callback_kwargs)
  File "C:\Users\maher\miniconda3\envs\webdev_env\lib\site-packages\django\contrib\admin\options.py", line 688, in wrapper
    return self.admin_site.admin_view(view)(*args, **kwargs)
  File "C:\Users\maher\miniconda3\envs\webdev_env\lib\site-packages\django\utils\decorators.py", line 134, in _wrapper_view
    response = view_func(request, *args, **kwargs)
  File "C:\Users\maher\miniconda3\envs\webdev_env\lib\site-packages\django\views\decorators\cache.py", line 62, in _wrapper_view_func
    response = view_func(request, *args, **kwargs)
  File "C:\Users\maher\miniconda3\envs\webdev_env\lib\site-packages\django\contrib\admin\sites.py", line 242, in inner
    return view(request, *args, **kwargs)
  File "C:\Users\maher\miniconda3\envs\webdev_env\lib\site-packages\django\utils\decorators.py", line 46, in _wrapper
    return bound_method(*args, **kwargs)
  File "C:\Users\maher\miniconda3\envs\webdev_env\lib\site-packages\django\utils\decorators.py", line 134, in _wrapper_view
    response = view_func(request, *args, **kwargs)
  File "C:\Users\maher\miniconda3\envs\webdev_env\lib\site-packages\django\contrib\admin\options.py", line 1983, in changelist_view
    response = self.response_action(
  File "C:\Users\maher\miniconda3\envs\webdev_env\lib\site-packages\django\contrib\admin\options.py", line 1593, in response_action
    response = func(self, request, queryset)
  File "C:\Users\maher\miniconda3\envs\webdev_env\lib\site-packages\django\contrib\admin\actions.py", line 50, in delete_selected
    modeladmin.log_deletion(request, obj, obj_display)
  File "C:\Users\maher\miniconda3\envs\webdev_env\lib\site-packages\django\contrib\admin\options.py", line 957, in log_deletion
    return LogEntry.objects.log_action(
  File "C:\Users\maher\miniconda3\envs\webdev_env\lib\site-packages\django\contrib\admin\models.py", line 38, in log_action
    return self.model.objects.create(
  File "C:\Users\maher\miniconda3\envs\webdev_env\lib\site-packages\django\db\models\manager.py", line 87, in manager_method
    return getattr(self.get_queryset(), name)(*args, **kwargs)
  File "C:\Users\maher\miniconda3\envs\webdev_env\lib\site-packages\django\db\models\query.py", line 658, in create
    obj.save(force_insert=True, using=self.db)
  File "C:\Users\maher\miniconda3\envs\webdev_env\lib\site-packages\django\db\models\base.py", line 814, in save
    self.save_base(
  File "C:\Users\maher\miniconda3\envs\webdev_env\lib\site-packages\django\db\models\base.py", line 877, in save_base
    updated = self._save_table(
  File "C:\Users\maher\miniconda3\envs\webdev_env\lib\site-packages\django\db\models\base.py", line 1020, in _save_table
    results = self._do_insert(
  File "C:\Users\maher\miniconda3\envs\webdev_env\lib\site-packages\django\db\models\base.py", line 1061, in _do_insert
    return manager._insert(
  File "C:\Users\maher\miniconda3\envs\webdev_env\lib\site-packages\django\db\models\manager.py", line 87, in manager_method
    return getattr(self.get_queryset(), name)(*args, **kwargs)
  File "C:\Users\maher\miniconda3\envs\webdev_env\lib\site-packages\django\db\models\query.py", line 1805, in _insert
    return query.get_compiler(using=using).execute_sql(returning_fields)
  File "C:\Users\maher\miniconda3\envs\webdev_env\lib\site-packages\django\db\models\sql\compiler.py", line 1833, in execute_sql
    self.connection.ops.fetch_returned_insert_columns(
  File "C:\Users\maher\miniconda3\envs\webdev_env\lib\site-packages\django\db\backends\base\operations.py", line 213, in fetch_returned_insert_columns
    return cursor.fetchone()
  File "C:\Users\maher\miniconda3\envs\webdev_env\lib\site-packages\django\db\utils.py", line 98, in inner
    return func(*args, **kwargs)
  File "C:\Users\maher\miniconda3\envs\webdev_env\lib\site-packages\django\db\utils.py", line 91, in __exit__
    raise dj_exc_value.with_traceback(traceback) from exc_value
  File "C:\Users\maher\miniconda3\envs\webdev_env\lib\site-packages\django\db\utils.py", line 98, in inner
    return func(*args, **kwargs)
django.db.utils.IntegrityError: FOREIGN KEY constraint failed
Internal Server Error: /admin/api/vehicle/
Traceback (most recent call last):
  File "C:\Users\maher\miniconda3\envs\webdev_env\lib\site-packages\django\db\utils.py", line 98, in inner
    return func(*args, **kwargs)
sqlite3.IntegrityError: FOREIGN KEY constraint failed

The above exception was the direct cause of the following exception:

Traceback (most recent call last):
  File "C:\Users\maher\miniconda3\envs\webdev_env\lib\site-packages\django\core\handlers\exception.py", line 55, in inner
    response = get_response(request)
  File "C:\Users\maher\miniconda3\envs\webdev_env\lib\site-packages\django\core\handlers\base.py", line 197, in _get_response
    response = wrapped_callback(request, *callback_args, **callback_kwargs)
  File "C:\Users\maher\miniconda3\envs\webdev_env\lib\site-packages\django\contrib\admin\options.py", line 688, in wrapper
    return self.admin_site.admin_view(view)(*args, **kwargs)
  File "C:\Users\maher\miniconda3\envs\webdev_env\lib\site-packages\django\utils\decorators.py", line 134, in _wrapper_view
    response = view_func(request, *args, **kwargs)
  File "C:\Users\maher\miniconda3\envs\webdev_env\lib\site-packages\django\views\decorators\cache.py", line 62, in _wrapper_view_func
    response = view_func(request, *args, **kwargs)
  File "C:\Users\maher\miniconda3\envs\webdev_env\lib\site-packages\django\contrib\admin\sites.py", line 242, in inner
    return view(request, *args, **kwargs)
  File "C:\Users\maher\miniconda3\envs\webdev_env\lib\site-packages\django\utils\decorators.py", line 46, in _wrapper
    return bound_method(*args, **kwargs)
  File "C:\Users\maher\miniconda3\envs\webdev_env\lib\site-packages\django\utils\decorators.py", line 134, in _wrapper_view
    response = view_func(request, *args, **kwargs)
  File "C:\Users\maher\miniconda3\envs\webdev_env\lib\site-packages\django\contrib\admin\options.py", line 1983, in changelist_view
    response = self.response_action(
  File "C:\Users\maher\miniconda3\envs\webdev_env\lib\site-packages\django\contrib\admin\options.py", line 1593, in response_action
    response = func(self, request, queryset)
  File "C:\Users\maher\miniconda3\envs\webdev_env\lib\site-packages\django\contrib\admin\actions.py", line 50, in delete_selected
    modeladmin.log_deletion(request, obj, obj_display)
  File "C:\Users\maher\miniconda3\envs\webdev_env\lib\site-packages\django\contrib\admin\options.py", line 957, in log_deletion
    return LogEntry.objects.log_action(
  File "C:\Users\maher\miniconda3\envs\webdev_env\lib\site-packages\django\contrib\admin\models.py", line 38, in log_action
    return self.model.objects.create(
  File "C:\Users\maher\miniconda3\envs\webdev_env\lib\site-packages\django\db\models\manager.py", line 87, in manager_method
    return getattr(self.get_queryset(), name)(*args, **kwargs)
  File "C:\Users\maher\miniconda3\envs\webdev_env\lib\site-packages\django\db\models\query.py", line 658, in create
    obj.save(force_insert=True, using=self.db)
  File "C:\Users\maher\miniconda3\envs\webdev_env\lib\site-packages\django\db\models\base.py", line 814, in save
    self.save_base(
  File "C:\Users\maher\miniconda3\envs\webdev_env\lib\site-packages\django\db\models\base.py", line 877, in save_base
    updated = self._save_table(
  File "C:\Users\maher\miniconda3\envs\webdev_env\lib\site-packages\django\db\models\base.py", line 1020, in _save_table
    results = self._do_insert(
  File "C:\Users\maher\miniconda3\envs\webdev_env\lib\site-packages\django\db\models\base.py", line 1061, in _do_insert
    return manager._insert(
  File "C:\Users\maher\miniconda3\envs\webdev_env\lib\site-packages\django\db\models\manager.py", line 87, in manager_method
    return getattr(self.get_queryset(), name)(*args, **kwargs)
  File "C:\Users\maher\miniconda3\envs\webdev_env\lib\site-packages\django\db\models\query.py", line 1805, in _insert
    return query.get_compiler(using=using).execute_sql(returning_fields)
  File "C:\Users\maher\miniconda3\envs\webdev_env\lib\site-packages\django\db\models\sql\compiler.py", line 1833, in execute_sql
    self.connection.ops.fetch_returned_insert_columns(
  File "C:\Users\maher\miniconda3\envs\webdev_env\lib\site-packages\django\db\backends\base\operations.py", line 213, in fetch_returned_insert_columns
    return cursor.fetchone()
  File "C:\Users\maher\miniconda3\envs\webdev_env\lib\site-packages\django\db\utils.py", line 98, in inner
    return func(*args, **kwargs)
  File "C:\Users\maher\miniconda3\envs\webdev_env\lib\site-packages\django\db\utils.py", line 91, in __exit__
    raise dj_exc_value.with_traceback(traceback) from exc_value
  File "C:\Users\maher\miniconda3\envs\webdev_env\lib\site-packages\django\db\utils.py", line 98, in inner
    return func(*args, **kwargs)
django.db.utils.IntegrityError: FOREIGN KEY constraint failed
Internal Server Error: /admin/api/vehicle/
Traceback (most recent call last):
  File "C:\Users\maher\miniconda3\envs\webdev_env\lib\site-packages\django\db\utils.py", line 98, in inner
    return func(*args, **kwargs)
sqlite3.IntegrityError: FOREIGN KEY constraint failed

The above exception was the direct cause of the following exception:

Traceback (most recent call last):
  File "C:\Users\maher\miniconda3\envs\webdev_env\lib\site-packages\django\core\handlers\exception.py", line 55, in inner
    response = get_response(request)
  File "C:\Users\maher\miniconda3\envs\webdev_env\lib\site-packages\django\core\handlers\base.py", line 197, in _get_response
    response = wrapped_callback(request, *callback_args, **callback_kwargs)
  File "C:\Users\maher\miniconda3\envs\webdev_env\lib\site-packages\django\contrib\admin\options.py", line 688, in wrapper
    return self.admin_site.admin_view(view)(*args, **kwargs)
  File "C:\Users\maher\miniconda3\envs\webdev_env\lib\site-packages\django\utils\decorators.py", line 134, in _wrapper_view
    response = view_func(request, *args, **kwargs)
  File "C:\Users\maher\miniconda3\envs\webdev_env\lib\site-packages\django\views\decorators\cache.py", line 62, in _wrapper_view_func
    response = view_func(request, *args, **kwargs)
  File "C:\Users\maher\miniconda3\envs\webdev_env\lib\site-packages\django\contrib\admin\sites.py", line 242, in inner
    return view(request, *args, **kwargs)
  File "C:\Users\maher\miniconda3\envs\webdev_env\lib\site-packages\django\utils\decorators.py", line 46, in _wrapper
    return bound_method(*args, **kwargs)
  File "C:\Users\maher\miniconda3\envs\webdev_env\lib\site-packages\django\utils\decorators.py", line 134, in _wrapper_view
    response = view_func(request, *args, **kwargs)
  File "C:\Users\maher\miniconda3\envs\webdev_env\lib\site-packages\django\contrib\admin\options.py", line 1983, in changelist_view
    response = self.response_action(
  File "C:\Users\maher\miniconda3\envs\webdev_env\lib\site-packages\django\contrib\admin\options.py", line 1593, in response_action
    response = func(self, request, queryset)
  File "C:\Users\maher\miniconda3\envs\webdev_env\lib\site-packages\django\contrib\admin\actions.py", line 50, in delete_selected
    modeladmin.log_deletion(request, obj, obj_display)
  File "C:\Users\maher\miniconda3\envs\webdev_env\lib\site-packages\django\contrib\admin\options.py", line 957, in log_deletion
    return LogEntry.objects.log_action(
  File "C:\Users\maher\miniconda3\envs\webdev_env\lib\site-packages\django\contrib\admin\models.py", line 38, in log_action
    return self.model.objects.create(
  File "C:\Users\maher\miniconda3\envs\webdev_env\lib\site-packages\django\db\models\manager.py", line 87, in manager_method
    return getattr(self.get_queryset(), name)(*args, **kwargs)
  File "C:\Users\maher\miniconda3\envs\webdev_env\lib\site-packages\django\db\models\query.py", line 658, in create
    obj.save(force_insert=True, using=self.db)
  File "C:\Users\maher\miniconda3\envs\webdev_env\lib\site-packages\django\db\models\base.py", line 814, in save
    self.save_base(
  File "C:\Users\maher\miniconda3\envs\webdev_env\lib\site-packages\django\db\models\base.py", line 877, in save_base
    updated = self._save_table(
  File "C:\Users\maher\miniconda3\envs\webdev_env\lib\site-packages\django\db\models\base.py", line 1020, in _save_table
    results = self._do_insert(
  File "C:\Users\maher\miniconda3\envs\webdev_env\lib\site-packages\django\db\models\base.py", line 1061, in _do_insert
    return manager._insert(
  File "C:\Users\maher\miniconda3\envs\webdev_env\lib\site-packages\django\db\models\manager.py", line 87, in manager_method
    return getattr(self.get_queryset(), name)(*args, **kwargs)
  File "C:\Users\maher\miniconda3\envs\webdev_env\lib\site-packages\django\db\models\query.py", line 1805, in _insert
    return query.get_compiler(using=using).execute_sql(returning_fields)
  File "C:\Users\maher\miniconda3\envs\webdev_env\lib\site-packages\django\db\models\sql\compiler.py", line 1833, in execute_sql
    self.connection.ops.fetch_returned_insert_columns(
  File "C:\Users\maher\miniconda3\envs\webdev_env\lib\site-packages\django\db\backends\base\operations.py", line 213, in fetch_returned_insert_columns
    return cursor.fetchone()
  File "C:\Users\maher\miniconda3\envs\webdev_env\lib\site-packages\django\db\utils.py", line 98, in inner
    return func(*args, **kwargs)
  File "C:\Users\maher\miniconda3\envs\webdev_env\lib\site-packages\django\db\utils.py", line 91, in __exit__
    raise dj_exc_value.with_traceback(traceback) from exc_value
  File "C:\Users\maher\miniconda3\envs\webdev_env\lib\site-packages\django\db\utils.py", line 98, in inner
    return func(*args, **kwargs)
django.db.utils.IntegrityError: FOREIGN KEY constraint failed
Internal Server Error: /admin/api/vehicle/8/change/
Traceback (most recent call last):
  File "C:\Users\maher\miniconda3\envs\webdev_env\lib\site-packages\django\db\backends\base\base.py", line 313, in _commit
    return self.connection.commit()
sqlite3.IntegrityError: FOREIGN KEY constraint failed

The above exception was the direct cause of the following exception:

Traceback (most recent call last):
  File "C:\Users\maher\miniconda3\envs\webdev_env\lib\site-packages\django\core\handlers\exception.py", line 55, in inner
    response = get_response(request)
  File "C:\Users\maher\miniconda3\envs\webdev_env\lib\site-packages\django\core\handlers\base.py", line 197, in _get_response
    response = wrapped_callback(request, *callback_args, **callback_kwargs)
  File "C:\Users\maher\miniconda3\envs\webdev_env\lib\site-packages\django\contrib\admin\options.py", line 688, in wrapper
    return self.admin_site.admin_view(view)(*args, **kwargs)
  File "C:\Users\maher\miniconda3\envs\webdev_env\lib\site-packages\django\utils\decorators.py", line 134, in _wrapper_view
    response = view_func(request, *args, **kwargs)
  File "C:\Users\maher\miniconda3\envs\webdev_env\lib\site-packages\django\views\decorators\cache.py", line 62, in _wrapper_view_func
    response = view_func(request, *args, **kwargs)
  File "C:\Users\maher\miniconda3\envs\webdev_env\lib\site-packages\django\contrib\admin\sites.py", line 242, in inner
    return view(request, *args, **kwargs)
  File "C:\Users\maher\miniconda3\envs\webdev_env\lib\site-packages\django\contrib\admin\options.py", line 1889, in change_view
    return self.changeform_view(request, object_id, form_url, extra_context)
  File "C:\Users\maher\miniconda3\envs\webdev_env\lib\site-packages\django\utils\decorators.py", line 46, in _wrapper
    return bound_method(*args, **kwargs)
  File "C:\Users\maher\miniconda3\envs\webdev_env\lib\site-packages\django\utils\decorators.py", line 134, in _wrapper_view
    response = view_func(request, *args, **kwargs)
  File "C:\Users\maher\miniconda3\envs\webdev_env\lib\site-packages\django\contrib\admin\options.py", line 1747, in changeform_view
    return self._changeform_view(request, object_id, form_url, extra_context)
  File "C:\Users\maher\miniconda3\envs\webdev_env\lib\site-packages\django\db\transaction.py", line 263, in __exit__
    connection.commit()
  File "C:\Users\maher\miniconda3\envs\webdev_env\lib\site-packages\django\utils\asyncio.py", line 26, in inner
    return func(*args, **kwargs)
  File "C:\Users\maher\miniconda3\envs\webdev_env\lib\site-packages\django\db\backends\base\base.py", line 337, in commit
    self._commit()
  File "C:\Users\maher\miniconda3\envs\webdev_env\lib\site-packages\django\db\backends\base\base.py", line 313, in _commit
    return self.connection.commit()
  File "C:\Users\maher\miniconda3\envs\webdev_env\lib\site-packages\django\db\utils.py", line 91, in __exit__
    raise dj_exc_value.with_traceback(traceback) from exc_value
  File "C:\Users\maher\miniconda3\envs\webdev_env\lib\site-packages\django\db\backends\base\base.py", line 313, in _commit
    return self.connection.commit()
django.db.utils.IntegrityError: FOREIGN KEY constraint failed
Internal Server Error: /admin/api/vehicle/8/change/
Traceback (most recent call last):
  File "C:\Users\maher\miniconda3\envs\webdev_env\lib\site-packages\django\db\backends\base\base.py", line 313, in _commit
    return self.connection.commit()
sqlite3.IntegrityError: FOREIGN KEY constraint failed

The above exception was the direct cause of the following exception:

Traceback (most recent call last):
  File "C:\Users\maher\miniconda3\envs\webdev_env\lib\site-packages\django\core\handlers\exception.py", line 55, in inner
    response = get_response(request)
  File "C:\Users\maher\miniconda3\envs\webdev_env\lib\site-packages\django\core\handlers\base.py", line 197, in _get_response
    response = wrapped_callback(request, *callback_args, **callback_kwargs)
  File "C:\Users\maher\miniconda3\envs\webdev_env\lib\site-packages\django\contrib\admin\options.py", line 688, in wrapper
    return self.admin_site.admin_view(view)(*args, **kwargs)
  File "C:\Users\maher\miniconda3\envs\webdev_env\lib\site-packages\django\utils\decorators.py", line 134, in _wrapper_view
    response = view_func(request, *args, **kwargs)
  File "C:\Users\maher\miniconda3\envs\webdev_env\lib\site-packages\django\views\decorators\cache.py", line 62, in _wrapper_view_func
    response = view_func(request, *args, **kwargs)
  File "C:\Users\maher\miniconda3\envs\webdev_env\lib\site-packages\django\contrib\admin\sites.py", line 242, in inner
    return view(request, *args, **kwargs)
  File "C:\Users\maher\miniconda3\envs\webdev_env\lib\site-packages\django\contrib\admin\options.py", line 1889, in change_view
    return self.changeform_view(request, object_id, form_url, extra_context)
  File "C:\Users\maher\miniconda3\envs\webdev_env\lib\site-packages\django\utils\decorators.py", line 46, in _wrapper
    return bound_method(*args, **kwargs)
  File "C:\Users\maher\miniconda3\envs\webdev_env\lib\site-packages\django\utils\decorators.py", line 134, in _wrapper_view
    response = view_func(request, *args, **kwargs)
  File "C:\Users\maher\miniconda3\envs\webdev_env\lib\site-packages\django\contrib\admin\options.py", line 1747, in changeform_view
    return self._changeform_view(request, object_id, form_url, extra_context)
  File "C:\Users\maher\miniconda3\envs\webdev_env\lib\site-packages\django\db\transaction.py", line 263, in __exit__
    connection.commit()
  File "C:\Users\maher\miniconda3\envs\webdev_env\lib\site-packages\django\utils\asyncio.py", line 26, in inner
    return func(*args, **kwargs)
  File "C:\Users\maher\miniconda3\envs\webdev_env\lib\site-packages\django\db\backends\base\base.py", line 337, in commit
    self._commit()
  File "C:\Users\maher\miniconda3\envs\webdev_env\lib\site-packages\django\db\backends\base\base.py", line 313, in _commit
    return self.connection.commit()
  File "C:\Users\maher\miniconda3\envs\webdev_env\lib\site-packages\django\db\utils.py", line 91, in __exit__
    raise dj_exc_value.with_traceback(traceback) from exc_value
  File "C:\Users\maher\miniconda3\envs\webdev_env\lib\site-packages\django\db\backends\base\base.py", line 313, in _commit
    return self.connection.commit()
django.db.utils.IntegrityError: FOREIGN KEY constraint failed
Internal Server Error: /admin/api/vehicle/8/change/
Traceback (most recent call last):
  File "C:\Users\maher\miniconda3\envs\webdev_env\lib\site-packages\django\db\backends\base\base.py", line 313, in _commit
    return self.connection.commit()
sqlite3.IntegrityError: FOREIGN KEY constraint failed

The above exception was the direct cause of the following exception:

Traceback (most recent call last):
  File "C:\Users\maher\miniconda3\envs\webdev_env\lib\site-packages\django\core\handlers\exception.py", line 55, in inner
    response = get_response(request)
  File "C:\Users\maher\miniconda3\envs\webdev_env\lib\site-packages\django\core\handlers\base.py", line 197, in _get_response
    response = wrapped_callback(request, *callback_args, **callback_kwargs)
  File "C:\Users\maher\miniconda3\envs\webdev_env\lib\site-packages\django\contrib\admin\options.py", line 688, in wrapper
    return self.admin_site.admin_view(view)(*args, **kwargs)
  File "C:\Users\maher\miniconda3\envs\webdev_env\lib\site-packages\django\utils\decorators.py", line 134, in _wrapper_view
    response = view_func(request, *args, **kwargs)
  File "C:\Users\maher\miniconda3\envs\webdev_env\lib\site-packages\django\views\decorators\cache.py", line 62, in _wrapper_view_func
    response = view_func(request, *args, **kwargs)
  File "C:\Users\maher\miniconda3\envs\webdev_env\lib\site-packages\django\contrib\admin\sites.py", line 242, in inner
    return view(request, *args, **kwargs)
  File "C:\Users\maher\miniconda3\envs\webdev_env\lib\site-packages\django\contrib\admin\options.py", line 1889, in change_view
    return self.changeform_view(request, object_id, form_url, extra_context)
  File "C:\Users\maher\miniconda3\envs\webdev_env\lib\site-packages\django\utils\decorators.py", line 46, in _wrapper
    return bound_method(*args, **kwargs)
  File "C:\Users\maher\miniconda3\envs\webdev_env\lib\site-packages\django\utils\decorators.py", line 134, in _wrapper_view
    response = view_func(request, *args, **kwargs)
  File "C:\Users\maher\miniconda3\envs\webdev_env\lib\site-packages\django\contrib\admin\options.py", line 1747, in changeform_view
    return self._changeform_view(request, object_id, form_url, extra_context)
  File "C:\Users\maher\miniconda3\envs\webdev_env\lib\site-packages\django\db\transaction.py", line 263, in __exit__
    connection.commit()
  File "C:\Users\maher\miniconda3\envs\webdev_env\lib\site-packages\django\utils\asyncio.py", line 26, in inner
    return func(*args, **kwargs)
  File "C:\Users\maher\miniconda3\envs\webdev_env\lib\site-packages\django\db\backends\base\base.py", line 337, in commit
    self._commit()
  File "C:\Users\maher\miniconda3\envs\webdev_env\lib\site-packages\django\db\backends\base\base.py", line 313, in _commit
    return self.connection.commit()
  File "C:\Users\maher\miniconda3\envs\webdev_env\lib\site-packages\django\db\utils.py", line 91, in __exit__
    raise dj_exc_value.with_traceback(traceback) from exc_value
  File "C:\Users\maher\miniconda3\envs\webdev_env\lib\site-packages\django\db\backends\base\base.py", line 313, in _commit
    return self.connection.commit()
django.db.utils.IntegrityError: FOREIGN KEY constraint failed
Internal Server Error: /admin/api/user/
Traceback (most recent call last):
  File "C:\Users\maher\miniconda3\envs\webdev_env\lib\site-packages\django\db\utils.py", line 98, in inner
    return func(*args, **kwargs)
sqlite3.IntegrityError: FOREIGN KEY constraint failed

The above exception was the direct cause of the following exception:

Traceback (most recent call last):
  File "C:\Users\maher\miniconda3\envs\webdev_env\lib\site-packages\django\core\handlers\exception.py", line 55, in inner
    response = get_response(request)
  File "C:\Users\maher\miniconda3\envs\webdev_env\lib\site-packages\django\core\handlers\base.py", line 197, in _get_response
    response = wrapped_callback(request, *callback_args, **callback_kwargs)
  File "C:\Users\maher\miniconda3\envs\webdev_env\lib\site-packages\django\contrib\admin\options.py", line 688, in wrapper
    return self.admin_site.admin_view(view)(*args, **kwargs)
  File "C:\Users\maher\miniconda3\envs\webdev_env\lib\site-packages\django\utils\decorators.py", line 134, in _wrapper_view
    response = view_func(request, *args, **kwargs)
  File "C:\Users\maher\miniconda3\envs\webdev_env\lib\site-packages\django\views\decorators\cache.py", line 62, in _wrapper_view_func
    response = view_func(request, *args, **kwargs)
  File "C:\Users\maher\miniconda3\envs\webdev_env\lib\site-packages\django\contrib\admin\sites.py", line 242, in inner
    return view(request, *args, **kwargs)
  File "C:\Users\maher\miniconda3\envs\webdev_env\lib\site-packages\django\utils\decorators.py", line 46, in _wrapper
    return bound_method(*args, **kwargs)
  File "C:\Users\maher\miniconda3\envs\webdev_env\lib\site-packages\django\utils\decorators.py", line 134, in _wrapper_view
    response = view_func(request, *args, **kwargs)
  File "C:\Users\maher\miniconda3\envs\webdev_env\lib\site-packages\django\contrib\admin\options.py", line 1983, in changelist_view
    response = self.response_action(
  File "C:\Users\maher\miniconda3\envs\webdev_env\lib\site-packages\django\contrib\admin\options.py", line 1593, in response_action
    response = func(self, request, queryset)
  File "C:\Users\maher\miniconda3\envs\webdev_env\lib\site-packages\django\contrib\admin\actions.py", line 50, in delete_selected
    modeladmin.log_deletion(request, obj, obj_display)
  File "C:\Users\maher\miniconda3\envs\webdev_env\lib\site-packages\django\contrib\admin\options.py", line 957, in log_deletion
    return LogEntry.objects.log_action(
  File "C:\Users\maher\miniconda3\envs\webdev_env\lib\site-packages\django\contrib\admin\models.py", line 38, in log_action
    return self.model.objects.create(
  File "C:\Users\maher\miniconda3\envs\webdev_env\lib\site-packages\django\db\models\manager.py", line 87, in manager_method
    return getattr(self.get_queryset(), name)(*args, **kwargs)
  File "C:\Users\maher\miniconda3\envs\webdev_env\lib\site-packages\django\db\models\query.py", line 658, in create
    obj.save(force_insert=True, using=self.db)
  File "C:\Users\maher\miniconda3\envs\webdev_env\lib\site-packages\django\db\models\base.py", line 814, in save
    self.save_base(
  File "C:\Users\maher\miniconda3\envs\webdev_env\lib\site-packages\django\db\models\base.py", line 877, in save_base
    updated = self._save_table(
  File "C:\Users\maher\miniconda3\envs\webdev_env\lib\site-packages\django\db\models\base.py", line 1020, in _save_table
    results = self._do_insert(
  File "C:\Users\maher\miniconda3\envs\webdev_env\lib\site-packages\django\db\models\base.py", line 1061, in _do_insert
    return manager._insert(
  File "C:\Users\maher\miniconda3\envs\webdev_env\lib\site-packages\django\db\models\manager.py", line 87, in manager_method
    return getattr(self.get_queryset(), name)(*args, **kwargs)
  File "C:\Users\maher\miniconda3\envs\webdev_env\lib\site-packages\django\db\models\query.py", line 1805, in _insert
    return query.get_compiler(using=using).execute_sql(returning_fields)
  File "C:\Users\maher\miniconda3\envs\webdev_env\lib\site-packages\django\db\models\sql\compiler.py", line 1833, in execute_sql
    self.connection.ops.fetch_returned_insert_columns(
  File "C:\Users\maher\miniconda3\envs\webdev_env\lib\site-packages\django\db\backends\base\operations.py", line 213, in fetch_returned_insert_columns
    return cursor.fetchone()
  File "C:\Users\maher\miniconda3\envs\webdev_env\lib\site-packages\django\db\utils.py", line 98, in inner
    return func(*args, **kwargs)
  File "C:\Users\maher\miniconda3\envs\webdev_env\lib\site-packages\django\db\utils.py", line 91, in __exit__
    raise dj_exc_value.with_traceback(traceback) from exc_value
  File "C:\Users\maher\miniconda3\envs\webdev_env\lib\site-packages\django\db\utils.py", line 98, in inner
    return func(*args, **kwargs)
django.db.utils.IntegrityError: FOREIGN KEY constraint failed
Internal Server Error: /admin/api/user/5/change/
Traceback (most recent call last):
  File "C:\Users\maher\miniconda3\envs\webdev_env\lib\site-packages\django\db\backends\base\base.py", line 313, in _commit
    return self.connection.commit()
sqlite3.IntegrityError: FOREIGN KEY constraint failed

The above exception was the direct cause of the following exception:

Traceback (most recent call last):
  File "C:\Users\maher\miniconda3\envs\webdev_env\lib\site-packages\django\core\handlers\exception.py", line 55, in inner
    response = get_response(request)
  File "C:\Users\maher\miniconda3\envs\webdev_env\lib\site-packages\django\core\handlers\base.py", line 197, in _get_response
    response = wrapped_callback(request, *callback_args, **callback_kwargs)
  File "C:\Users\maher\miniconda3\envs\webdev_env\lib\site-packages\django\contrib\admin\options.py", line 688, in wrapper
    return self.admin_site.admin_view(view)(*args, **kwargs)
  File "C:\Users\maher\miniconda3\envs\webdev_env\lib\site-packages\django\utils\decorators.py", line 134, in _wrapper_view
    response = view_func(request, *args, **kwargs)
  File "C:\Users\maher\miniconda3\envs\webdev_env\lib\site-packages\django\views\decorators\cache.py", line 62, in _wrapper_view_func
    response = view_func(request, *args, **kwargs)
  File "C:\Users\maher\miniconda3\envs\webdev_env\lib\site-packages\django\contrib\admin\sites.py", line 242, in inner
    return view(request, *args, **kwargs)
  File "C:\Users\maher\miniconda3\envs\webdev_env\lib\site-packages\django\contrib\admin\options.py", line 1889, in change_view
    return self.changeform_view(request, object_id, form_url, extra_context)
  File "C:\Users\maher\miniconda3\envs\webdev_env\lib\site-packages\django\utils\decorators.py", line 46, in _wrapper
    return bound_method(*args, **kwargs)
  File "C:\Users\maher\miniconda3\envs\webdev_env\lib\site-packages\django\utils\decorators.py", line 134, in _wrapper_view
    response = view_func(request, *args, **kwargs)
  File "C:\Users\maher\miniconda3\envs\webdev_env\lib\site-packages\django\contrib\admin\options.py", line 1747, in changeform_view
    return self._changeform_view(request, object_id, form_url, extra_context)
  File "C:\Users\maher\miniconda3\envs\webdev_env\lib\site-packages\django\db\transaction.py", line 263, in __exit__
    connection.commit()
  File "C:\Users\maher\miniconda3\envs\webdev_env\lib\site-packages\django\utils\asyncio.py", line 26, in inner
    return func(*args, **kwargs)
  File "C:\Users\maher\miniconda3\envs\webdev_env\lib\site-packages\django\db\backends\base\base.py", line 337, in commit
    self._commit()
  File "C:\Users\maher\miniconda3\envs\webdev_env\lib\site-packages\django\db\backends\base\base.py", line 313, in _commit
    return self.connection.commit()
  File "C:\Users\maher\miniconda3\envs\webdev_env\lib\site-packages\django\db\utils.py", line 91, in __exit__
    raise dj_exc_value.with_traceback(traceback) from exc_value
  File "C:\Users\maher\miniconda3\envs\webdev_env\lib\site-packages\django\db\backends\base\base.py", line 313, in _commit
    return self.connection.commit()
django.db.utils.IntegrityError: FOREIGN KEY constraint failed
Internal Server Error: /admin/api/vehicle/8/delete/
Traceback (most recent call last):
  File "C:\Users\maher\miniconda3\envs\webdev_env\lib\site-packages\django\db\backends\base\base.py", line 313, in _commit
    return self.connection.commit()
sqlite3.IntegrityError: FOREIGN KEY constraint failed

The above exception was the direct cause of the following exception:

Traceback (most recent call last):
  File "C:\Users\maher\miniconda3\envs\webdev_env\lib\site-packages\django\core\handlers\exception.py", line 55, in inner
    response = get_response(request)
  File "C:\Users\maher\miniconda3\envs\webdev_env\lib\site-packages\django\core\handlers\base.py", line 197, in _get_response
    response = wrapped_callback(request, *callback_args, **callback_kwargs)
  File "C:\Users\maher\miniconda3\envs\webdev_env\lib\site-packages\django\contrib\admin\options.py", line 688, in wrapper
    return self.admin_site.admin_view(view)(*args, **kwargs)
  File "C:\Users\maher\miniconda3\envs\webdev_env\lib\site-packages\django\utils\decorators.py", line 134, in _wrapper_view
    response = view_func(request, *args, **kwargs)
  File "C:\Users\maher\miniconda3\envs\webdev_env\lib\site-packages\django\views\decorators\cache.py", line 62, in _wrapper_view_func
    response = view_func(request, *args, **kwargs)
  File "C:\Users\maher\miniconda3\envs\webdev_env\lib\site-packages\django\contrib\admin\sites.py", line 242, in inner
    return view(request, *args, **kwargs)
  File "C:\Users\maher\miniconda3\envs\webdev_env\lib\site-packages\django\utils\decorators.py", line 46, in _wrapper
    return bound_method(*args, **kwargs)
  File "C:\Users\maher\miniconda3\envs\webdev_env\lib\site-packages\django\utils\decorators.py", line 134, in _wrapper_view
    response = view_func(request, *args, **kwargs)
  File "C:\Users\maher\miniconda3\envs\webdev_env\lib\site-packages\django\contrib\admin\options.py", line 2106, in delete_view
    return self._delete_view(request, object_id, extra_context)
  File "C:\Users\maher\miniconda3\envs\webdev_env\lib\site-packages\django\db\transaction.py", line 263, in __exit__
    connection.commit()
  File "C:\Users\maher\miniconda3\envs\webdev_env\lib\site-packages\django\utils\asyncio.py", line 26, in inner
    return func(*args, **kwargs)
  File "C:\Users\maher\miniconda3\envs\webdev_env\lib\site-packages\django\db\backends\base\base.py", line 337, in commit
    self._commit()
  File "C:\Users\maher\miniconda3\envs\webdev_env\lib\site-packages\django\db\backends\base\base.py", line 313, in _commit
    return self.connection.commit()
  File "C:\Users\maher\miniconda3\envs\webdev_env\lib\site-packages\django\db\utils.py", line 91, in __exit__
    raise dj_exc_value.with_traceback(traceback) from exc_value
  File "C:\Users\maher\miniconda3\envs\webdev_env\lib\site-packages\django\db\backends\base\base.py", line 313, in _commit
    return self.connection.commit()
django.db.utils.IntegrityError: FOREIGN KEY constraint failed
Internal Server Error: /admin/api/vehicle/8/change/
Traceback (most recent call last):
  File "C:\Users\maher\miniconda3\envs\webdev_env\lib\site-packages\django\db\backends\base\base.py", line 313, in _commit
    return self.connection.commit()
sqlite3.IntegrityError: FOREIGN KEY constraint failed

The above exception was the direct cause of the following exception:

Traceback (most recent call last):
  File "C:\Users\maher\miniconda3\envs\webdev_env\lib\site-packages\django\core\handlers\exception.py", line 55, in inner
    response = get_response(request)
  File "C:\Users\maher\miniconda3\envs\webdev_env\lib\site-packages\django\core\handlers\base.py", line 197, in _get_response
    response = wrapped_callback(request, *callback_args, **callback_kwargs)
  File "C:\Users\maher\miniconda3\envs\webdev_env\lib\site-packages\django\contrib\admin\options.py", line 688, in wrapper
    return self.admin_site.admin_view(view)(*args, **kwargs)
  File "C:\Users\maher\miniconda3\envs\webdev_env\lib\site-packages\django\utils\decorators.py", line 134, in _wrapper_view
    response = view_func(request, *args, **kwargs)
  File "C:\Users\maher\miniconda3\envs\webdev_env\lib\site-packages\django\views\decorators\cache.py", line 62, in _wrapper_view_func
    response = view_func(request, *args, **kwargs)
  File "C:\Users\maher\miniconda3\envs\webdev_env\lib\site-packages\django\contrib\admin\sites.py", line 242, in inner
    return view(request, *args, **kwargs)
  File "C:\Users\maher\miniconda3\envs\webdev_env\lib\site-packages\django\contrib\admin\options.py", line 1889, in change_view
    return self.changeform_view(request, object_id, form_url, extra_context)
  File "C:\Users\maher\miniconda3\envs\webdev_env\lib\site-packages\django\utils\decorators.py", line 46, in _wrapper
    return bound_method(*args, **kwargs)
  File "C:\Users\maher\miniconda3\envs\webdev_env\lib\site-packages\django\utils\decorators.py", line 134, in _wrapper_view
    response = view_func(request, *args, **kwargs)
  File "C:\Users\maher\miniconda3\envs\webdev_env\lib\site-packages\django\contrib\admin\options.py", line 1747, in changeform_view
    return self._changeform_view(request, object_id, form_url, extra_context)
  File "C:\Users\maher\miniconda3\envs\webdev_env\lib\site-packages\django\db\transaction.py", line 263, in __exit__
    connection.commit()
  File "C:\Users\maher\miniconda3\envs\webdev_env\lib\site-packages\django\utils\asyncio.py", line 26, in inner
    return func(*args, **kwargs)
  File "C:\Users\maher\miniconda3\envs\webdev_env\lib\site-packages\django\db\backends\base\base.py", line 337, in commit
    self._commit()
  File "C:\Users\maher\miniconda3\envs\webdev_env\lib\site-packages\django\db\backends\base\base.py", line 313, in _commit
    return self.connection.commit()
  File "C:\Users\maher\miniconda3\envs\webdev_env\lib\site-packages\django\db\utils.py", line 91, in __exit__
    raise dj_exc_value.with_traceback(traceback) from exc_value
  File "C:\Users\maher\miniconda3\envs\webdev_env\lib\site-packages\django\db\backends\base\base.py", line 313, in _commit
    return self.connection.commit()
django.db.utils.IntegrityError: FOREIGN KEY constraint failed
Internal Server Error: /admin/api/vehicle/8/delete/
Traceback (most recent call last):
  File "C:\Users\maher\miniconda3\envs\webdev_env\lib\site-packages\django\db\backends\base\base.py", line 313, in _commit
    return self.connection.commit()
sqlite3.IntegrityError: FOREIGN KEY constraint failed

The above exception was the direct cause of the following exception:

Traceback (most recent call last):
  File "C:\Users\maher\miniconda3\envs\webdev_env\lib\site-packages\django\core\handlers\exception.py", line 55, in inner
    response = get_response(request)
  File "C:\Users\maher\miniconda3\envs\webdev_env\lib\site-packages\django\core\handlers\base.py", line 197, in _get_response
    response = wrapped_callback(request, *callback_args, **callback_kwargs)
  File "C:\Users\maher\miniconda3\envs\webdev_env\lib\site-packages\django\contrib\admin\options.py", line 688, in wrapper
    return self.admin_site.admin_view(view)(*args, **kwargs)
  File "C:\Users\maher\miniconda3\envs\webdev_env\lib\site-packages\django\utils\decorators.py", line 134, in _wrapper_view
    response = view_func(request, *args, **kwargs)
  File "C:\Users\maher\miniconda3\envs\webdev_env\lib\site-packages\django\views\decorators\cache.py", line 62, in _wrapper_view_func
    response = view_func(request, *args, **kwargs)
  File "C:\Users\maher\miniconda3\envs\webdev_env\lib\site-packages\django\contrib\admin\sites.py", line 242, in inner
    return view(request, *args, **kwargs)
  File "C:\Users\maher\miniconda3\envs\webdev_env\lib\site-packages\django\utils\decorators.py", line 46, in _wrapper
    return bound_method(*args, **kwargs)
  File "C:\Users\maher\miniconda3\envs\webdev_env\lib\site-packages\django\utils\decorators.py", line 134, in _wrapper_view
    response = view_func(request, *args, **kwargs)
  File "C:\Users\maher\miniconda3\envs\webdev_env\lib\site-packages\django\contrib\admin\options.py", line 2106, in delete_view
    return self._delete_view(request, object_id, extra_context)
  File "C:\Users\maher\miniconda3\envs\webdev_env\lib\site-packages\django\db\transaction.py", line 263, in __exit__
    connection.commit()
  File "C:\Users\maher\miniconda3\envs\webdev_env\lib\site-packages\django\utils\asyncio.py", line 26, in inner
    return func(*args, **kwargs)
  File "C:\Users\maher\miniconda3\envs\webdev_env\lib\site-packages\django\db\backends\base\base.py", line 337, in commit
    self._commit()
  File "C:\Users\maher\miniconda3\envs\webdev_env\lib\site-packages\django\db\backends\base\base.py", line 313, in _commit
    return self.connection.commit()
  File "C:\Users\maher\miniconda3\envs\webdev_env\lib\site-packages\django\db\utils.py", line 91, in __exit__
    raise dj_exc_value.with_traceback(traceback) from exc_value
  File "C:\Users\maher\miniconda3\envs\webdev_env\lib\site-packages\django\db\backends\base\base.py", line 313, in _commit
    return self.connection.commit()
django.db.utils.IntegrityError: FOREIGN KEY constraint failed
Internal Server Error: /admin/api/vehicle/4/delete/
Traceback (most recent call last):
  File "C:\Users\maher\miniconda3\envs\webdev_env\lib\site-packages\django\db\backends\base\base.py", line 313, in _commit
    return self.connection.commit()
sqlite3.IntegrityError: FOREIGN KEY constraint failed

The above exception was the direct cause of the following exception:

Traceback (most recent call last):
  File "C:\Users\maher\miniconda3\envs\webdev_env\lib\site-packages\django\core\handlers\exception.py", line 55, in inner
    response = get_response(request)
  File "C:\Users\maher\miniconda3\envs\webdev_env\lib\site-packages\django\core\handlers\base.py", line 197, in _get_response
    response = wrapped_callback(request, *callback_args, **callback_kwargs)
  File "C:\Users\maher\miniconda3\envs\webdev_env\lib\site-packages\django\contrib\admin\options.py", line 688, in wrapper
    return self.admin_site.admin_view(view)(*args, **kwargs)
  File "C:\Users\maher\miniconda3\envs\webdev_env\lib\site-packages\django\utils\decorators.py", line 134, in _wrapper_view
    response = view_func(request, *args, **kwargs)
  File "C:\Users\maher\miniconda3\envs\webdev_env\lib\site-packages\django\views\decorators\cache.py", line 62, in _wrapper_view_func
    response = view_func(request, *args, **kwargs)
  File "C:\Users\maher\miniconda3\envs\webdev_env\lib\site-packages\django\contrib\admin\sites.py", line 242, in inner
    return view(request, *args, **kwargs)
  File "C:\Users\maher\miniconda3\envs\webdev_env\lib\site-packages\django\utils\decorators.py", line 46, in _wrapper
    return bound_method(*args, **kwargs)
  File "C:\Users\maher\miniconda3\envs\webdev_env\lib\site-packages\django\utils\decorators.py", line 134, in _wrapper_view
    response = view_func(request, *args, **kwargs)
  File "C:\Users\maher\miniconda3\envs\webdev_env\lib\site-packages\django\contrib\admin\options.py", line 2106, in delete_view
    return self._delete_view(request, object_id, extra_context)
  File "C:\Users\maher\miniconda3\envs\webdev_env\lib\site-packages\django\db\transaction.py", line 263, in __exit__
    connection.commit()
  File "C:\Users\maher\miniconda3\envs\webdev_env\lib\site-packages\django\utils\asyncio.py", line 26, in inner
    return func(*args, **kwargs)
  File "C:\Users\maher\miniconda3\envs\webdev_env\lib\site-packages\django\db\backends\base\base.py", line 337, in commit
    self._commit()
  File "C:\Users\maher\miniconda3\envs\webdev_env\lib\site-packages\django\db\backends\base\base.py", line 313, in _commit
    return self.connection.commit()
  File "C:\Users\maher\miniconda3\envs\webdev_env\lib\site-packages\django\db\utils.py", line 91, in __exit__
    raise dj_exc_value.with_traceback(traceback) from exc_value
  File "C:\Users\maher\miniconda3\envs\webdev_env\lib\site-packages\django\db\backends\base\base.py", line 313, in _commit
    return self.connection.commit()
django.db.utils.IntegrityError: FOREIGN KEY constraint failed
Internal Server Error: /admin/api/vehicle/7/delete/
Traceback (most recent call last):
  File "C:\Users\maher\miniconda3\envs\webdev_env\lib\site-packages\django\db\backends\base\base.py", line 313, in _commit
    return self.connection.commit()
sqlite3.IntegrityError: FOREIGN KEY constraint failed

The above exception was the direct cause of the following exception:

Traceback (most recent call last):
  File "C:\Users\maher\miniconda3\envs\webdev_env\lib\site-packages\django\core\handlers\exception.py", line 55, in inner
    response = get_response(request)
  File "C:\Users\maher\miniconda3\envs\webdev_env\lib\site-packages\django\core\handlers\base.py", line 197, in _get_response
    response = wrapped_callback(request, *callback_args, **callback_kwargs)
  File "C:\Users\maher\miniconda3\envs\webdev_env\lib\site-packages\django\contrib\admin\options.py", line 688, in wrapper
    return self.admin_site.admin_view(view)(*args, **kwargs)
  File "C:\Users\maher\miniconda3\envs\webdev_env\lib\site-packages\django\utils\decorators.py", line 134, in _wrapper_view
    response = view_func(request, *args, **kwargs)
  File "C:\Users\maher\miniconda3\envs\webdev_env\lib\site-packages\django\views\decorators\cache.py", line 62, in _wrapper_view_func
    response = view_func(request, *args, **kwargs)
  File "C:\Users\maher\miniconda3\envs\webdev_env\lib\site-packages\django\contrib\admin\sites.py", line 242, in inner
    return view(request, *args, **kwargs)
  File "C:\Users\maher\miniconda3\envs\webdev_env\lib\site-packages\django\utils\decorators.py", line 46, in _wrapper
    return bound_method(*args, **kwargs)
  File "C:\Users\maher\miniconda3\envs\webdev_env\lib\site-packages\django\utils\decorators.py", line 134, in _wrapper_view
    response = view_func(request, *args, **kwargs)
  File "C:\Users\maher\miniconda3\envs\webdev_env\lib\site-packages\django\contrib\admin\options.py", line 2106, in delete_view
    return self._delete_view(request, object_id, extra_context)
  File "C:\Users\maher\miniconda3\envs\webdev_env\lib\site-packages\django\db\transaction.py", line 263, in __exit__
    connection.commit()
  File "C:\Users\maher\miniconda3\envs\webdev_env\lib\site-packages\django\utils\asyncio.py", line 26, in inner
    return func(*args, **kwargs)
  File "C:\Users\maher\miniconda3\envs\webdev_env\lib\site-packages\django\db\backends\base\base.py", line 337, in commit
    self._commit()
  File "C:\Users\maher\miniconda3\envs\webdev_env\lib\site-packages\django\db\backends\base\base.py", line 313, in _commit
    return self.connection.commit()
  File "C:\Users\maher\miniconda3\envs\webdev_env\lib\site-packages\django\db\utils.py", line 91, in __exit__
    raise dj_exc_value.with_traceback(traceback) from exc_value
  File "C:\Users\maher\miniconda3\envs\webdev_env\lib\site-packages\django\db\backends\base\base.py", line 313, in _commit
    return self.connection.commit()
django.db.utils.IntegrityError: FOREIGN KEY constraint failed
Internal Server Error: /admin/api/vehicle/4/delete/
Traceback (most recent call last):
  File "C:\Users\maher\miniconda3\envs\webdev_env\lib\site-packages\django\db\backends\base\base.py", line 313, in _commit
    return self.connection.commit()
sqlite3.IntegrityError: FOREIGN KEY constraint failed

The above exception was the direct cause of the following exception:

Traceback (most recent call last):
  File "C:\Users\maher\miniconda3\envs\webdev_env\lib\site-packages\django\core\handlers\exception.py", line 55, in inner
    response = get_response(request)
  File "C:\Users\maher\miniconda3\envs\webdev_env\lib\site-packages\django\core\handlers\base.py", line 197, in _get_response
    response = wrapped_callback(request, *callback_args, **callback_kwargs)
  File "C:\Users\maher\miniconda3\envs\webdev_env\lib\site-packages\django\contrib\admin\options.py", line 688, in wrapper
    return self.admin_site.admin_view(view)(*args, **kwargs)
  File "C:\Users\maher\miniconda3\envs\webdev_env\lib\site-packages\django\utils\decorators.py", line 134, in _wrapper_view
    response = view_func(request, *args, **kwargs)
  File "C:\Users\maher\miniconda3\envs\webdev_env\lib\site-packages\django\views\decorators\cache.py", line 62, in _wrapper_view_func
    response = view_func(request, *args, **kwargs)
  File "C:\Users\maher\miniconda3\envs\webdev_env\lib\site-packages\django\contrib\admin\sites.py", line 242, in inner
    return view(request, *args, **kwargs)
  File "C:\Users\maher\miniconda3\envs\webdev_env\lib\site-packages\django\utils\decorators.py", line 46, in _wrapper
    return bound_method(*args, **kwargs)
  File "C:\Users\maher\miniconda3\envs\webdev_env\lib\site-packages\django\utils\decorators.py", line 134, in _wrapper_view
    response = view_func(request, *args, **kwargs)
  File "C:\Users\maher\miniconda3\envs\webdev_env\lib\site-packages\django\contrib\admin\options.py", line 2106, in delete_view
    return self._delete_view(request, object_id, extra_context)
  File "C:\Users\maher\miniconda3\envs\webdev_env\lib\site-packages\django\db\transaction.py", line 263, in __exit__
    connection.commit()
  File "C:\Users\maher\miniconda3\envs\webdev_env\lib\site-packages\django\utils\asyncio.py", line 26, in inner
    return func(*args, **kwargs)
  File "C:\Users\maher\miniconda3\envs\webdev_env\lib\site-packages\django\db\backends\base\base.py", line 337, in commit
    self._commit()
  File "C:\Users\maher\miniconda3\envs\webdev_env\lib\site-packages\django\db\backends\base\base.py", line 313, in _commit
    return self.connection.commit()
  File "C:\Users\maher\miniconda3\envs\webdev_env\lib\site-packages\django\db\utils.py", line 91, in __exit__
    raise dj_exc_value.with_traceback(traceback) from exc_value
  File "C:\Users\maher\miniconda3\envs\webdev_env\lib\site-packages\django\db\backends\base\base.py", line 313, in _commit
    return self.connection.commit()
django.db.utils.IntegrityError: FOREIGN KEY constraint failed
Internal Server Error: /admin/api/vehicle/
Traceback (most recent call last):
  File "C:\Users\maher\miniconda3\envs\webdev_env\lib\site-packages\django\db\utils.py", line 98, in inner
    return func(*args, **kwargs)
sqlite3.IntegrityError: FOREIGN KEY constraint failed

The above exception was the direct cause of the following exception:

Traceback (most recent call last):
  File "C:\Users\maher\miniconda3\envs\webdev_env\lib\site-packages\django\core\handlers\exception.py", line 55, in inner
    response = get_response(request)
  File "C:\Users\maher\miniconda3\envs\webdev_env\lib\site-packages\django\core\handlers\base.py", line 197, in _get_response
    response = wrapped_callback(request, *callback_args, **callback_kwargs)
  File "C:\Users\maher\miniconda3\envs\webdev_env\lib\site-packages\django\contrib\admin\options.py", line 688, in wrapper
    return self.admin_site.admin_view(view)(*args, **kwargs)
  File "C:\Users\maher\miniconda3\envs\webdev_env\lib\site-packages\django\utils\decorators.py", line 134, in _wrapper_view
    response = view_func(request, *args, **kwargs)
  File "C:\Users\maher\miniconda3\envs\webdev_env\lib\site-packages\django\views\decorators\cache.py", line 62, in _wrapper_view_func
    response = view_func(request, *args, **kwargs)
  File "C:\Users\maher\miniconda3\envs\webdev_env\lib\site-packages\django\contrib\admin\sites.py", line 242, in inner
    return view(request, *args, **kwargs)
  File "C:\Users\maher\miniconda3\envs\webdev_env\lib\site-packages\django\utils\decorators.py", line 46, in _wrapper
    return bound_method(*args, **kwargs)
  File "C:\Users\maher\miniconda3\envs\webdev_env\lib\site-packages\django\utils\decorators.py", line 134, in _wrapper_view
    response = view_func(request, *args, **kwargs)
  File "C:\Users\maher\miniconda3\envs\webdev_env\lib\site-packages\django\contrib\admin\options.py", line 1983, in changelist_view
    response = self.response_action(
  File "C:\Users\maher\miniconda3\envs\webdev_env\lib\site-packages\django\contrib\admin\options.py", line 1593, in response_action
    response = func(self, request, queryset)
  File "C:\Users\maher\miniconda3\envs\webdev_env\lib\site-packages\django\contrib\admin\actions.py", line 50, in delete_selected
    modeladmin.log_deletion(request, obj, obj_display)
  File "C:\Users\maher\miniconda3\envs\webdev_env\lib\site-packages\django\contrib\admin\options.py", line 957, in log_deletion
    return LogEntry.objects.log_action(
  File "C:\Users\maher\miniconda3\envs\webdev_env\lib\site-packages\django\contrib\admin\models.py", line 38, in log_action
    return self.model.objects.create(
  File "C:\Users\maher\miniconda3\envs\webdev_env\lib\site-packages\django\db\models\manager.py", line 87, in manager_method
    return getattr(self.get_queryset(), name)(*args, **kwargs)
  File "C:\Users\maher\miniconda3\envs\webdev_env\lib\site-packages\django\db\models\query.py", line 658, in create
    obj.save(force_insert=True, using=self.db)
  File "C:\Users\maher\miniconda3\envs\webdev_env\lib\site-packages\django\db\models\base.py", line 814, in save
    self.save_base(
  File "C:\Users\maher\miniconda3\envs\webdev_env\lib\site-packages\django\db\models\base.py", line 877, in save_base
    updated = self._save_table(
  File "C:\Users\maher\miniconda3\envs\webdev_env\lib\site-packages\django\db\models\base.py", line 1020, in _save_table
    results = self._do_insert(
  File "C:\Users\maher\miniconda3\envs\webdev_env\lib\site-packages\django\db\models\base.py", line 1061, in _do_insert
    return manager._insert(
  File "C:\Users\maher\miniconda3\envs\webdev_env\lib\site-packages\django\db\models\manager.py", line 87, in manager_method
    return getattr(self.get_queryset(), name)(*args, **kwargs)
  File "C:\Users\maher\miniconda3\envs\webdev_env\lib\site-packages\django\db\models\query.py", line 1805, in _insert
    return query.get_compiler(using=using).execute_sql(returning_fields)
  File "C:\Users\maher\miniconda3\envs\webdev_env\lib\site-packages\django\db\models\sql\compiler.py", line 1833, in execute_sql
    self.connection.ops.fetch_returned_insert_columns(
  File "C:\Users\maher\miniconda3\envs\webdev_env\lib\site-packages\django\db\backends\base\operations.py", line 213, in fetch_returned_insert_columns
    return cursor.fetchone()
  File "C:\Users\maher\miniconda3\envs\webdev_env\lib\site-packages\django\db\utils.py", line 98, in inner
    return func(*args, **kwargs)
  File "C:\Users\maher\miniconda3\envs\webdev_env\lib\site-packages\django\db\utils.py", line 91, in __exit__
    raise dj_exc_value.with_traceback(traceback) from exc_value
  File "C:\Users\maher\miniconda3\envs\webdev_env\lib\site-packages\django\db\utils.py", line 98, in inner
    return func(*args, **kwargs)
django.db.utils.IntegrityError: FOREIGN KEY constraint failed
Internal Server Error: /admin/api/vehicle/9/delete/
Traceback (most recent call last):
  File "C:\Users\maher\miniconda3\envs\webdev_env\lib\site-packages\django\db\backends\base\base.py", line 313, in _commit
    return self.connection.commit()
sqlite3.IntegrityError: FOREIGN KEY constraint failed

The above exception was the direct cause of the following exception:

Traceback (most recent call last):
  File "C:\Users\maher\miniconda3\envs\webdev_env\lib\site-packages\django\core\handlers\exception.py", line 55, in inner
    response = get_response(request)
  File "C:\Users\maher\miniconda3\envs\webdev_env\lib\site-packages\django\core\handlers\base.py", line 197, in _get_response
    response = wrapped_callback(request, *callback_args, **callback_kwargs)
  File "C:\Users\maher\miniconda3\envs\webdev_env\lib\site-packages\django\contrib\admin\options.py", line 688, in wrapper
    return self.admin_site.admin_view(view)(*args, **kwargs)
  File "C:\Users\maher\miniconda3\envs\webdev_env\lib\site-packages\django\utils\decorators.py", line 134, in _wrapper_view
    response = view_func(request, *args, **kwargs)
  File "C:\Users\maher\miniconda3\envs\webdev_env\lib\site-packages\django\views\decorators\cache.py", line 62, in _wrapper_view_func
    response = view_func(request, *args, **kwargs)
  File "C:\Users\maher\miniconda3\envs\webdev_env\lib\site-packages\django\contrib\admin\sites.py", line 242, in inner
    return view(request, *args, **kwargs)
  File "C:\Users\maher\miniconda3\envs\webdev_env\lib\site-packages\django\utils\decorators.py", line 46, in _wrapper
    return bound_method(*args, **kwargs)
  File "C:\Users\maher\miniconda3\envs\webdev_env\lib\site-packages\django\utils\decorators.py", line 134, in _wrapper_view
    response = view_func(request, *args, **kwargs)
  File "C:\Users\maher\miniconda3\envs\webdev_env\lib\site-packages\django\contrib\admin\options.py", line 2106, in delete_view
    return self._delete_view(request, object_id, extra_context)
  File "C:\Users\maher\miniconda3\envs\webdev_env\lib\site-packages\django\db\transaction.py", line 263, in __exit__
    connection.commit()
  File "C:\Users\maher\miniconda3\envs\webdev_env\lib\site-packages\django\utils\asyncio.py", line 26, in inner
    return func(*args, **kwargs)
  File "C:\Users\maher\miniconda3\envs\webdev_env\lib\site-packages\django\db\backends\base\base.py", line 337, in commit
    self._commit()
  File "C:\Users\maher\miniconda3\envs\webdev_env\lib\site-packages\django\db\backends\base\base.py", line 313, in _commit
    return self.connection.commit()
  File "C:\Users\maher\miniconda3\envs\webdev_env\lib\site-packages\django\db\utils.py", line 91, in __exit__
    raise dj_exc_value.with_traceback(traceback) from exc_value
  File "C:\Users\maher\miniconda3\envs\webdev_env\lib\site-packages\django\db\backends\base\base.py", line 313, in _commit
    return self.connection.commit()
django.db.utils.IntegrityError: FOREIGN KEY constraint failed
Internal Server Error: /get-vehicles/
Internal Server Error: /get-vehicles/
Internal Server Error: /get-vehicles/
Internal Server Error: /get-vehicles/
Internal Server Error: /get-vehicles/
Internal Server Error: /get-vehicles/
Internal Server Error: /get-vehicles/
Internal Server Error: /get-vehicles/
Internal Server Error: /get-vehicles/
Internal Server Error: /get-vehicles/
Internal Server Error: /admin/api/user/2/change/
Traceback (most recent call last):
  File "C:\Users\maher\miniconda3\envs\webdev_env\lib\site-packages\django\db\backends\base\base.py", line 313, in _commit
    return self.connection.commit()
sqlite3.IntegrityError: FOREIGN KEY constraint failed

The above exception was the direct cause of the following exception:

Traceback (most recent call last):
  File "C:\Users\maher\miniconda3\envs\webdev_env\lib\site-packages\django\core\handlers\exception.py", line 55, in inner
    response = get_response(request)
  File "C:\Users\maher\miniconda3\envs\webdev_env\lib\site-packages\django\core\handlers\base.py", line 197, in _get_response
    response = wrapped_callback(request, *callback_args, **callback_kwargs)
  File "C:\Users\maher\miniconda3\envs\webdev_env\lib\site-packages\django\contrib\admin\options.py", line 688, in wrapper
    return self.admin_site.admin_view(view)(*args, **kwargs)
  File "C:\Users\maher\miniconda3\envs\webdev_env\lib\site-packages\django\utils\decorators.py", line 134, in _wrapper_view
    response = view_func(request, *args, **kwargs)
  File "C:\Users\maher\miniconda3\envs\webdev_env\lib\site-packages\django\views\decorators\cache.py", line 62, in _wrapper_view_func
    response = view_func(request, *args, **kwargs)
  File "C:\Users\maher\miniconda3\envs\webdev_env\lib\site-packages\django\contrib\admin\sites.py", line 242, in inner
    return view(request, *args, **kwargs)
  File "C:\Users\maher\miniconda3\envs\webdev_env\lib\site-packages\django\contrib\admin\options.py", line 1889, in change_view
    return self.changeform_view(request, object_id, form_url, extra_context)
  File "C:\Users\maher\miniconda3\envs\webdev_env\lib\site-packages\django\utils\decorators.py", line 46, in _wrapper
    return bound_method(*args, **kwargs)
  File "C:\Users\maher\miniconda3\envs\webdev_env\lib\site-packages\django\utils\decorators.py", line 134, in _wrapper_view
    response = view_func(request, *args, **kwargs)
  File "C:\Users\maher\miniconda3\envs\webdev_env\lib\site-packages\django\contrib\admin\options.py", line 1747, in changeform_view
    return self._changeform_view(request, object_id, form_url, extra_context)
  File "C:\Users\maher\miniconda3\envs\webdev_env\lib\site-packages\django\db\transaction.py", line 263, in __exit__
    connection.commit()
  File "C:\Users\maher\miniconda3\envs\webdev_env\lib\site-packages\django\utils\asyncio.py", line 26, in inner
    return func(*args, **kwargs)
  File "C:\Users\maher\miniconda3\envs\webdev_env\lib\site-packages\django\db\backends\base\base.py", line 337, in commit
    self._commit()
  File "C:\Users\maher\miniconda3\envs\webdev_env\lib\site-packages\django\db\backends\base\base.py", line 313, in _commit
    return self.connection.commit()
  File "C:\Users\maher\miniconda3\envs\webdev_env\lib\site-packages\django\db\utils.py", line 91, in __exit__
    raise dj_exc_value.with_traceback(traceback) from exc_value
  File "C:\Users\maher\miniconda3\envs\webdev_env\lib\site-packages\django\db\backends\base\base.py", line 313, in _commit
    return self.connection.commit()
django.db.utils.IntegrityError: FOREIGN KEY constraint failed
Internal Server Error: /admin/api/user/5/change/
Traceback (most recent call last):
  File "C:\Users\maher\miniconda3\envs\webdev_env\lib\site-packages\django\db\backends\base\base.py", line 313, in _commit
    return self.connection.commit()
sqlite3.IntegrityError: FOREIGN KEY constraint failed

The above exception was the direct cause of the following exception:

Traceback (most recent call last):
  File "C:\Users\maher\miniconda3\envs\webdev_env\lib\site-packages\django\core\handlers\exception.py", line 55, in inner
    response = get_response(request)
  File "C:\Users\maher\miniconda3\envs\webdev_env\lib\site-packages\django\core\handlers\base.py", line 197, in _get_response
    response = wrapped_callback(request, *callback_args, **callback_kwargs)
  File "C:\Users\maher\miniconda3\envs\webdev_env\lib\site-packages\django\contrib\admin\options.py", line 688, in wrapper
    return self.admin_site.admin_view(view)(*args, **kwargs)
  File "C:\Users\maher\miniconda3\envs\webdev_env\lib\site-packages\django\utils\decorators.py", line 134, in _wrapper_view
    response = view_func(request, *args, **kwargs)
  File "C:\Users\maher\miniconda3\envs\webdev_env\lib\site-packages\django\views\decorators\cache.py", line 62, in _wrapper_view_func
    response = view_func(request, *args, **kwargs)
  File "C:\Users\maher\miniconda3\envs\webdev_env\lib\site-packages\django\contrib\admin\sites.py", line 242, in inner
    return view(request, *args, **kwargs)
  File "C:\Users\maher\miniconda3\envs\webdev_env\lib\site-packages\django\contrib\admin\options.py", line 1889, in change_view
    return self.changeform_view(request, object_id, form_url, extra_context)
  File "C:\Users\maher\miniconda3\envs\webdev_env\lib\site-packages\django\utils\decorators.py", line 46, in _wrapper
    return bound_method(*args, **kwargs)
  File "C:\Users\maher\miniconda3\envs\webdev_env\lib\site-packages\django\utils\decorators.py", line 134, in _wrapper_view
    response = view_func(request, *args, **kwargs)
  File "C:\Users\maher\miniconda3\envs\webdev_env\lib\site-packages\django\contrib\admin\options.py", line 1747, in changeform_view
    return self._changeform_view(request, object_id, form_url, extra_context)
  File "C:\Users\maher\miniconda3\envs\webdev_env\lib\site-packages\django\db\transaction.py", line 263, in __exit__
    connection.commit()
  File "C:\Users\maher\miniconda3\envs\webdev_env\lib\site-packages\django\utils\asyncio.py", line 26, in inner
    return func(*args, **kwargs)
  File "C:\Users\maher\miniconda3\envs\webdev_env\lib\site-packages\django\db\backends\base\base.py", line 337, in commit
    self._commit()
  File "C:\Users\maher\miniconda3\envs\webdev_env\lib\site-packages\django\db\backends\base\base.py", line 313, in _commit
    return self.connection.commit()
  File "C:\Users\maher\miniconda3\envs\webdev_env\lib\site-packages\django\db\utils.py", line 91, in __exit__
    raise dj_exc_value.with_traceback(traceback) from exc_value
  File "C:\Users\maher\miniconda3\envs\webdev_env\lib\site-packages\django\db\backends\base\base.py", line 313, in _commit
    return self.connection.commit()
django.db.utils.IntegrityError: FOREIGN KEY constraint failed
Internal Server Error: /get-vehicles/
Internal Server Error: /remove-vehicle/1/
Internal Server Error: /remove-vehicle/1/
Internal Server Error: /remove-vehicle/1/
Internal Server Error: /remove-vehicle/1/
Not Found: /remove-vehicle/6/
